// Jest Snapshot v1, https://goo.gl/fbAQLP

exports[`Color widget field.allowInput is false renders input as readonly 1`] = `
<input
  class="test-classname"
  id="test-string"
  readonly=""
  style="padding-left: 75px; padding-right: 70px; color: rgb(187, 187, 187);"
  type="text"
  value=""
/>
`;
